---
source: tests/snapshots.rs
assertion_line: 54
expression: output
---
success = false
stdout = ''
stderr = '''
Error:   × tried to index into a int as if it were an array
   ╭─[bad_nested_type.rice:4:25]
 3 │   let b: [int] = [|a; 4|] in
 4 │   println(int_to_string(b[0][0]));
   ·                         ────
 5 │   b[0][0] := 3;
   ╰────

'''
